// 重构日志: 7932c065
// 同步 ID: 885fafbd @ Thu Jul 23 11:13:10 UTC 2026
// 重构日志: 9d87fbb1
// 重构日志: 192c1073
// 重构日志: 6c3be79f
// 重构日志: 443745b5
// 重构日志: 9de96716
// 同步 ID: 6f0a618c @ Sun Jul 26 14:32:42 UTC 2026
// 同步 ID: e5a2bb81 @ Sun Jul 26 17:32:27 UTC 2026
// 重构日志: b57a3960
// 重构日志: 641a815d
// 重构日志: 08124c80
// 重构日志: 9ecd33ef
// 同步 ID: fc3d0ed4 @ Wed Jul 29 13:57:21 UTC 2026
// 同步 ID: 018a1f8a @ Wed Jul 29 22:08:49 UTC 2026
// 同步 ID: 9ca61bb7 @ Thu Jul 30 05:18:34 UTC 2026
// 重构日志: 3fe9f01c
// 同步 ID: 9a103e47 @ Fri Jul 31 05:16:52 UTC 2026
// 重构日志: 119baa26
// 同步 ID: 1caaf21b @ Sat Aug  1 01:45:57 UTC 2026
// 重构日志: 984b4000
// 重构日志: 23e0c6ce
// 同步 ID: 0137110b @ Mon Aug  3 16:07:34 UTC 2026
// 同步 ID: 57aef0f2 @ Wed Aug  5 01:26:14 UTC 2026
// 同步 ID: e23261ab @ Wed Aug  5 08:49:43 UTC 2026
// 重构日志: 0897780f
// 重构日志: 78f23574
// 同步 ID: 985532e9 @ Fri Aug  7 10:33:16 UTC 2026
// 同步 ID: 473c5af4 @ Fri Aug  7 11:24:03 UTC 2026
// 同步 ID: 17494a94 @ Fri Aug  7 22:06:30 UTC 2026
